MemTotal:        3046940 kB
MemFree:          175492 kB
MemAvailable:    1222704 kB
Buffers:           14652 kB
Cached:          1349784 kB
SwapCached:        11660 kB
Active:           957168 kB
Inactive:        1022348 kB
Active(anon):     499212 kB
Inactive(anon):   182140 kB
Active(file):     457956 kB
Inactive(file):   840208 kB
Unevictable:       39196 kB
Mlocked:           39196 kB
SwapTotal:       2285200 kB
SwapFree:        1086656 kB
Dirty:             12492 kB
Writeback:             0 kB
AnonPages:        648216 kB
Mapped:           926860 kB
Shmem:             33056 kB
KReclaimable:      61164 kB
Slab:             263084 kB
SReclaimable:      61164 kB
SUnreclaim:       201920 kB
KernelStack:       52608 kB
ShadowCallStack:       0 kB
PageTables:       116836 kB
SecPageTables:         0 kB
NFS_Unstable:          0 kB
Bounce:                0 kB
WritebackTmp:          0 kB
CommitLimit:     3808668 kB
Committed_AS:   220135156 kB
VmallocTotal:   257687552 kB
VmallocUsed:       77464 kB
VmallocChunk:          0 kB
Percpu:             6672 kB
AnonHugePages:         0 kB
ShmemHugePages:        0 kB
ShmemPmdMapped:        0 kB
FileHugePages:         0 kB
FilePmdMapped:         0 kB
CmaTotal:          16384 kB
CmaFree:            4532 kB
