MemTotal:        3046940 kB
MemFree:          470072 kB
MemAvailable:    1144356 kB
Buffers:            4720 kB
Cached:          1003896 kB
SwapCached:         7660 kB
Active:           798504 kB
Inactive:         735348 kB
Active(anon):     417356 kB
Inactive(anon):   189284 kB
Active(file):     381148 kB
Inactive(file):   546064 kB
Unevictable:       39196 kB
Mlocked:           39196 kB
SwapTotal:       2285200 kB
SwapFree:         747056 kB
Dirty:             12460 kB
Writeback:            92 kB
AnonPages:        561920 kB
Mapped:           603080 kB
Shmem:             45172 kB
KReclaimable:      57216 kB
Slab:             262852 kB
SReclaimable:      57216 kB
SUnreclaim:       205636 kB
KernelStack:       54480 kB
ShadowCallStack:       0 kB
PageTables:       121140 kB
SecPageTables:         0 kB
NFS_Unstable:          0 kB
Bounce:                0 kB
WritebackTmp:          0 kB
CommitLimit:     3808668 kB
Committed_AS:   232197872 kB
VmallocTotal:   257687552 kB
VmallocUsed:       79440 kB
VmallocChunk:          0 kB
Percpu:             6816 kB
AnonHugePages:         0 kB
ShmemHugePages:        0 kB
ShmemPmdMapped:        0 kB
FileHugePages:         0 kB
FilePmdMapped:         0 kB
CmaTotal:          16384 kB
CmaFree:            1428 kB
